// Vitest Snapshot v1, https://vitest.dev/guide/snapshot.html

exports[`renders correctly 1`] = `
<div>
  <button
    id="example-button"
    type="button"
  >
    Clicked this many times 0
  </button>
</div>
`;
